// Bun Snapshot v1, https://bun.sh/docs/test/snapshots

exports[`queue overlay e2e renders all built-in queues with counts 1`] = `
"                                                                                                    
  LabelLens  tiny.jsonl  Pending  1 / 10           Reviewed: 0 / 10  ·  Skipped: 0  ·  Pending: 10  
                                                                                                    
 ┌────────────────────────────────────────────────────────────────────────────────────────────────┐ 
 │ ▶ Lunch at Zomato Bangalore                                                                    │ 
 └────────────────────────────────────────────────────────────────────────────────────────────────┘ 
  █ Uber ride t┌────────────────────────────────────────────────────────────────────┐               
  ▆ Amazon orde│                                                                    │               
               │  == Queues ======================================================= │               
               │                                                                    │               
               │  Review Queues                                                     │               
               │  > Pending           10  [########] 100%  Awaiting your label      │               
               │    Skipped            0  [--------]   0%  Reviewed but punted      │               
               │    Marked             0  [--------]   0%  Flagged for follow-up v… │               
               │                                                                    │               
               │  Signal Queues                                                     │               
               │    Low confidence    10  [########] 100%  Predictions with the we… │               
               │    Disagreements      1  [#-------]  10%  Sources predict differe… │               
               │    Flagged            1  [#-------]  10%  Imported or computed si… │               
               │                                                                    │               
               │  Preview: Pending                                                  │               
               │    Lunch at Zomato Bangalore                                       │               
               │    src llm:gpt-4   food   92%                                      │               
               │                                                                    │               
               │                                                                    │               
  ◇ food  #####│  [j/k] navigate · [enter] select · [esc] cancel                    │               
               │                                                                    │               
  ▸1 food 92%  └────────────────────────────────────────────────────────────────────┘               
  [a] accept ┊[r] relabel ┊[x] reject ┊[s] skip ┊[n] note ┊[gd] doc ┊[Q] queues ┊[:] palette ┊[t] … 
                                                                                                    
"
`;
