// Bun Snapshot v1, https://bun.sh/docs/test/snapshots

exports[`queue screen e2e renders all built-in queues with counts 1`] = `
"                                                                                                    
  LabelLens  tiny.jsonl  Queues                                                           6 queues  
                                                                                                    
  Review Queues                                                                                     
  > Pending           10  [########] 100%  Awaiting your label                                      
    Skipped            0  [--------]   0%  Reviewed but punted                                      
    Marked             0  [--------]   0%  Flagged for follow-up via [m]                            
                                                                                                    
  Signal Queues                                                                                     
    Low confidence    10  [########] 100%  Predictions with the weakest scores                      
    Disagreements      1  [#-------]  10%  Sources predict different labels                         
    Flagged            1  [#-------]  10%  Imported or computed signals                             
                                                                                                    
                                                                                                    
                                                                                                    
                                                                                                    
                                                                                                    
                                                                                                    
                                                                                                    
                                                                                                    
                                                                                                    
                                                                                                    
                                                                                                    
                                                                                                    
                                                                                                    
                                                                                                    
                                                                                                    
                                                                                                    
   [j/k] navigate ┊ [enter] select ┊ [esc] cancel                                                   
                                                                                                    
"
`;
