// Bun Snapshot v1, https://bun.sh/docs/test/snapshots

exports[`stats overlay e2e renders core sections + first-drillable highlight + footer 1`] = `
"                                                                                                    
  LabelLens  tiny.jsonl  Pending  1 / 6             Reviewed: 3 / 10  ·  Skipped: 1  ·  Pending: 6  
                                                                                                    
  Pending ──────────────────────────────────────────────────────────────────────────────────  1 / 6 
              ┌────────────────────────────────────────────────────────────────────┐                
              │                                                                    │                
              │  == Stats ======================================================== │                
 ┌────────────│                                                                    │──────────────┐ 
 │ ▶ Salary cr│  Progress: Total 10  Reviewed 3  Pending 6  Skipped 1              │              │ 
 └────────────│  Decisions: Accepted 1  Relabeled 1  Rejected 1  Skipped 1         │──────────────┘ 
  █ Rent trans│                                                                    │                
  ▇ Coffee at │  Acceptance by source ───────────────────────────────────────────  │                
              │ >   llm:gpt-4                 33%  (3 reviewed)                 →  │                
  prediction ─│  Relabel by source ──────────────────────────────────────────────  │─────────────── 
              │     llm:gpt-4                 33%  (3 reviewed)                 →  │                
  label      ◇│  Top corrections ────────────────────────────────────────────────  │                
  confidence #│     food → travel                     1                         →  │                
  source     [│  Labels with highest correction rate ────────────────────────────  │                
              │     food                      50%  (2 reviewed)                 →  │                
  labels ─────│  Weakest sources ────────────────────────────────────────────────  │─────────────── 
              │     llm:gpt-4                 33%  (3 reviewed)                 →  │                
    [1]  food │  Imported issues ────────────────────────────────────────────────  │                
              │     label_issue                  1 record                       →  │                
              │  Suggested next queue ───────────────────────────────────────────  │                
              │     low-confidence   (score 3.00)                               →  │                
              │                                                                    │                
              │                                                                    │                
              │                                                                    │                
              │                                                                    │                
              │                                                                    │                
              │                                                                    │                
              │  [j/k] navigate · [enter] drill · [esc] close                      │                
              │                                                                    │                
              └────────────────────────────────────────────────────────────────────┘                
                                                                                                    
                                                                                                    
                                                                                                    
  history  > —   ·   - shopping   ·   ~ travel   ·   + food      [u] undo                           
  [j/k] nav ┊[a] accept ┊[r] relabel ┊[i] ask ┊[x] reject ┊[s] skip ┊[n] note ┊[gd] doc ┊[Q] queue… 
                                                                                                    
"
`;
